Microchip MPLAB XC8 Compiler V1.43 ()

Linker command line:

-W-3 --edf=/usr/microchip/xc8/v1.43/dat/en_msgs.txt -cs \
  -h+dist/default/production/PIC12F675_PWM.X.production.sym \
  --cmf=dist/default/production/PIC12F675_PWM.X.production.cmf -z -Q12F683 \
  -o/tmp/xcXPTyvoU -Mdist/default/production/PIC12F675_PWM.X.production.map \
  -E1 -ver=XC8 -ASTACK=02Eh-06fh -pstack=STACK -ACODE=00h-07FFh \
  -ASTRCODE=00h-07FFh -ASTRING=00h-0FFhx8 -ACONST=00h-0FFhx8 \
  -AENTRY=00h-0FFhx8 -ACOMMON=070h-07Fh -ABANK0=020h-06Fh -ABANK1=0A0h-0BFh \
  -ARAM=020h-06Fh,0A0h-0BFh -AABS1=020h-07Fh,0A0h-0BFh -ASFR0=00h-01Fh \
  -ASFR1=080h-09Fh -preset_vec=00h,intentry=04h,init,end_init \
  -ppowerup=CODE -pcinit=CODE -pfunctab=ENTRY -ACONFIG=02007h-02007h \
  -pconfig=CONFIG -DCONFIG=2 -AIDLOC=02000h-02003h -pidloc=IDLOC -DIDLOC=2 \
  -AEEDATA=00h-0FFh/02100h -peeprom_data=EEDATA -DEEDATA=2 -DCODE=2 \
  -DSTRCODE=2 -DSTRING=2 -DCONST=2 -DENTRY=2 -k /tmp/xcXiHfaV2.obj \
  dist/default/production/PIC12F675_PWM.X.production.obj 

Object code version is 3.11

Machine type is 12F683



                Name                               Link     Load   Length Selector   Space Scale
/tmp/xcXiHfaV2.obj
                end_init                              F        F        1        8       0
                reset_vec                             0        0        1        0       0
                config                             2007     2007        1     400E       0
dist/default/production/PIC12F675_PWM.X.production.obj
                cinit                                10       10        5        8       0
                intentry                              4        4        B        8       0
                text8                                8D       8D       26        8       0
                text7                                FA       FA        D        8       0
                text6                                D5       D5       13        8       0
                swtext1                             11A      11A        4      234       0
                text5                                5D       5D       30        8       0
                text4                               107      107        B        8       0
                text3                                E8       E8       12        8       0
                text2                                B3       B3       22        8       0
                text1                               112      112        8        8       0
                maintext                             15       15       48        8       0
                cstackBANK0                          20       20        B       20       1
                cstackCOMMON                         70       70        6       70       1
                bssCOMMON                            76       76        3       70       1
                nvBANK0                              2B       2B        3       20       1

TOTAL           Name                               Link     Load   Length     Space
        CLASS   STACK          

        CLASS   CODE           
                end_init                              F        F        1         0
                cinit                                10       10        5         0
                intentry                              4        4        B         0
                reset_vec                             0        0        1         0
                text8                                8D       8D       26         0
                text7                                FA       FA        D         0
                text6                                D5       D5       13         0
                text5                                5D       5D       30         0
                text4                               107      107        B         0
                text3                                E8       E8       12         0
                text2                                B3       B3       22         0
                text1                               112      112        8         0
                maintext                             15       15       48         0

        CLASS   STRCODE        

        CLASS   STRING         

        CLASS   CONST          
                swtext1                             11A      11A        4         0

        CLASS   ENTRY          

        CLASS   COMMON         
                cstackCOMMON                         70       70        6         1
                bssCOMMON                            76       76        3         1

        CLASS   BANK0          
                cstackBANK0                          20       20        B         1
                nvBANK0                              2B       2B        3         1

        CLASS   BANK1          

        CLASS   RAM            

        CLASS   ABS1           
                abs_s1                               7E       7E        2         1

        CLASS   SFR0           

        CLASS   SFR1           

        CLASS   CONFIG         
                config                             2007     2007        1         0

        CLASS   IDLOC          

        CLASS   EEDATA         



SEGMENTS        Name                           Load    Length   Top    Selector   Space  Class     Delta

                reset_vec                      000000  000001  000001         0       0  CODE        2
                intentry                       000004  000116  00011A         8       0  CODE        2
                cstackBANK0                    000020  00000E  00002E        20       1  BANK0       1
                cstackCOMMON                   000070  000009  000079        70       1  COMMON      1
                swtext1                        00011A  000004  00011E       234       0  CONST       2
                config                         002007  000001  002008      400E       0  CONFIG      2


UNUSED ADDRESS RANGES

        Name                Unused          Largest block    Delta
        BANK0            002E-006F             42           1
        BANK1            00A0-00BF             20           1
        CODE             0001-0003              3           2
                         011E-07FF            6E2
        COMMON           0079-007D              5           1
        CONST            0001-0003              3           2
                         011E-07FF            100
        EEDATA           2100-21FF            100           2
        ENTRY            0001-0003              3           2
                         011E-07FF            100
        IDLOC            2000-2003              4           2
        RAM              002E-006F             42           1
                         00A0-00BF             20
        SFR0             0000-001F             20           1
        SFR1             0080-009F             20           1
        STACK            002E-006F             42           1
        STRCODE          0001-0003              3           2
                         011E-07FF            6E2
        STRING           0001-0003              3           2
                         011E-07FF            100

                                  Symbol Table

?_GetADCValue            cstackBANK0  0022
?___wmul                 cstackBANK0  0020
DELAY_ms@ms_count        cstackBANK0  0026
DELAY_us@us_count        cstackBANK0  0020
GetADCValue@Channel      cstackBANK0  0024
_ADCON0                  (abs)        001F
_ADRESH                  (abs)        001E
_ADRESL                  (abs)        009E
_ANSEL                   (abs)        009F
_CMCON                   (abs)        0019
_DELAY_ms                text6        00D5
_DELAY_us                text7        00FA
_GIE                     (abs)        005F
_GO_nDONE                (abs)        00F9
_GP0                     (abs)        0028
_GP2                     (abs)        002A
_GPIO                    (abs)        0005
_GetADCValue             text5        005D
_ISR                     text8        008D
_InitADC                 text4        0107
_OPTION_REG              (abs)        0081
_PWM                     nvBANK0      002D
_StartTime               nvBANK0      002B
_T0IE                    (abs)        005D
_T0IF                    (abs)        005A
_TMR0                    (abs)        0001
_TRISIO                  (abs)        0085
_VRCON                   (abs)        0099
__CFG_BOREN$ON           (abs)        0000
__CFG_CP$OFF             (abs)        0000
__CFG_CPD$OFF            (abs)        0000
__CFG_FOSC$XT            (abs)        0000
__CFG_MCLRE$OFF          (abs)        0000
__CFG_PWRTE$OFF          (abs)        0000
__CFG_WDTE$OFF           (abs)        0000
__Habs1                  abs1         0000
__Hbank0                 bank0        0000
__Hbank1                 bank1        0000
__HbssCOMMON             bssCOMMON    0000
__Hcinit                 cinit        0015
__Hclrtext               clrtext      0000
__Hcode                  code         0000
__Hcommon                common       0000
__Hconfig                config       2008
__HcstackBANK0           cstackBANK0  0000
__HcstackCOMMON          cstackCOMMON 0000
__Heeprom_data           eeprom_data  0000
__Hend_init              end_init     0010
__Hfunctab               functab      0000
__Hidloc                 idloc        0000
__Hinit                  init         000F
__Hintentry              intentry     000F
__Hmaintext              maintext     0000
__HnvBANK0               nvBANK0      0000
__Hpowerup               powerup      0000
__Hram                   ram          0000
__Hreset_vec             reset_vec    0001
__Hsfr0                  sfr0         0000
__Hsfr1                  sfr1         0000
__Hspace_0               (abs)        2008
__Hspace_1               (abs)        0079
__Hspace_2               (abs)        0000
__Hspace_3               (abs)        0000
__Hstack                 stack        0000
__Hstrings               strings      0000
__Htext                  text         0000
__Labs1                  abs1         0000
__Lbank0                 bank0        0000
__Lbank1                 bank1        0000
__LbssCOMMON             bssCOMMON    0000
__Lcinit                 cinit        0010
__Lclrtext               clrtext      0000
__Lcode                  code         0000
__Lcommon                common       0000
__Lconfig                config       2007
__LcstackBANK0           cstackBANK0  0000
__LcstackCOMMON          cstackCOMMON 0000
__Leeprom_data           eeprom_data  0000
__Lend_init              end_init     000F
__Lfunctab               functab      0000
__Lidloc                 idloc        0000
__Linit                  init         000F
__Lintentry              intentry     0004
__Lmaintext              maintext     0000
__LnvBANK0               nvBANK0      0000
__Lpowerup               powerup      0000
__Lram                   ram          0000
__Lreset_vec             reset_vec    0000
__Lsfr0                  sfr0         0000
__Lsfr1                  sfr1         0000
__Lspace_0               (abs)        0000
__Lspace_1               (abs)        0000
__Lspace_2               (abs)        0000
__Lspace_3               (abs)        0000
__Lstack                 stack        0000
__Lstrings               strings      0000
__Ltext                  text         0000
__S0                     (abs)        2008
__S1                     (abs)        0079
__S2                     (abs)        0000
__S3                     (abs)        0000
___bmul                  text3        00E8
___bmul@multiplicand     cstackCOMMON 0075
___bmul@multiplier       cstackBANK0  0022
___bmul@product          cstackBANK0  0021
___int_sp                stack        0000
___latbits               (abs)        0000
___sp                    stack        0000
___wmul                  text2        00B3
___wmul@multiplicand     cstackBANK0  0022
___wmul@multiplier       cstackBANK0  0020
___wmul@product          cstackBANK0  0024
__end_of_DELAY_ms        text6        00E8
__end_of_DELAY_us        text7        0107
__end_of_GetADCValue     text5        008D
__end_of_ISR             text8        00B3
__end_of_InitADC         text4        0112
__end_of___bmul          text3        00FA
__end_of___wmul          text2        00D5
__end_of__initialization cinit        0013
__end_of_initPWM         text1        011A
__end_of_main            maintext     005D
__initialization         cinit        0010
__pbssCOMMON             bssCOMMON    0076
__pcstackBANK0           cstackBANK0  0020
__pcstackCOMMON          cstackCOMMON 0070
__pintentry              intentry     0004
__pmaintext              maintext     0015
__pnvBANK0               nvBANK0      002B
__pswtext1               swtext1      011A
__ptext1                 text1        0112
__ptext2                 text2        00B3
__ptext3                 text3        00E8
__ptext4                 text4        0107
__ptext5                 text5        005D
__ptext6                 text6        00D5
__ptext7                 text7        00FA
__ptext8                 text8        008D
__size_of_DELAY_ms       (abs)        0000
__size_of_DELAY_us       (abs)        0000
__size_of_GetADCValue    (abs)        0000
__size_of_ISR            (abs)        0000
__size_of_InitADC        (abs)        0000
__size_of___bmul         (abs)        0000
__size_of___wmul         (abs)        0000
__size_of_initPWM        (abs)        0000
__size_of_main           (abs)        0000
_cycle                   bssCOMMON    0078
_initPWM                 text1        0112
_main                    maintext     0015
btemp                    (abs)        007E
end_of_initialization    cinit        0013
interrupt_function       intentry     0004
intlevel0                functab      0000
intlevel1                functab      0000
intlevel2                functab      0000
intlevel3                functab      0000
intlevel4                functab      0000
intlevel5                functab      0000
main@i                   cstackBANK0  002A
reset_vec                reset_vec    0000
saved_w                  (abs)        007E
stackhi                  (abs)        0000
stacklo                  (abs)        0000
start                    init         000F
start_initialization     cinit        0010
wtemp0                   (abs)        007E


FUNCTION INFORMATION:

 *************** function _main *****************
 Defined at:
		line 109 in file "main.c"
 Parameters:    Size  Location     Type
		None
 Auto vars:     Size  Location     Type
  i               1   10[BANK0 ] unsigned char 
 Return value:  Size  Location     Type
                  1    wreg      void 
 Registers used:
		wreg, fsr0l, fsr0h, status,2, status,0, pclath, cstack
 Tracked objects:
		On entry : 
		On exit  : 
		Unchanged: 
 Data sizes:     COMMON   BANK0   BANK1
      Params:         0       0       0
      Locals:         0       1       0
      Temps:          0       2       0
      Totals:         0       3       0
Total ram usage:        3 bytes
 Hardware stack levels required when called:    3
 This function calls:
		_DELAY_ms
		_GetADCValue
		_InitADC
		___bmul
		___wmul
		_initPWM
 This function is called by:
		Startup code after reset
 This function uses a non-reentrant model


 *************** function _initPWM *****************
 Defined at:
		line 30 in file "main.c"
 Parameters:    Size  Location     Type
		None
 Auto vars:     Size  Location     Type
		None
 Return value:  Size  Location     Type
                  1    wreg      void 
 Registers used:
		wreg, status,2, status,0
 Tracked objects:
		On entry : 
		On exit  : 
		Unchanged: 
 Data sizes:     COMMON   BANK0   BANK1
      Params:         0       0       0
      Locals:         0       0       0
      Temps:          1       0       0
      Totals:         1       0       0
Total ram usage:        1 bytes
 Hardware stack levels used:    1
 Hardware stack levels required when called:    1
 This function calls:
		Nothing
 This function is called by:
		_main
 This function uses a non-reentrant model


 *************** function ___wmul *****************
 Defined at:
		line 15 in file "/usr/microchip/xc8/v1.43/sources/common/Umul16.c"
 Parameters:    Size  Location     Type
  multiplier      2    0[BANK0 ] unsigned int 
  multiplicand    2    2[BANK0 ] unsigned int 
 Auto vars:     Size  Location     Type
  product         2    4[BANK0 ] unsigned int 
 Return value:  Size  Location     Type
                  2    0[BANK0 ] unsigned int 
 Registers used:
		wreg, status,2, status,0
 Tracked objects:
		On entry : 
		On exit  : 
		Unchanged: 
 Data sizes:     COMMON   BANK0   BANK1
      Params:         0       4       0
      Locals:         0       2       0
      Temps:          0       0       0
      Totals:         0       6       0
Total ram usage:        6 bytes
 Hardware stack levels used:    1
 Hardware stack levels required when called:    1
 This function calls:
		Nothing
 This function is called by:
		_main
 This function uses a non-reentrant model


 *************** function ___bmul *****************
 Defined at:
		line 4 in file "/usr/microchip/xc8/v1.43/sources/common/Umul8.c"
 Parameters:    Size  Location     Type
  multiplier      1    wreg     unsigned char 
  multiplicand    1    5[COMMON] unsigned char 
 Auto vars:     Size  Location     Type
  multiplier      1    2[BANK0 ] unsigned char 
  product         1    1[BANK0 ] unsigned char 
 Return value:  Size  Location     Type
                  1    wreg      unsigned char 
 Registers used:
		wreg, status,2, status,0
 Tracked objects:
		On entry : 
		On exit  : 
		Unchanged: 
 Data sizes:     COMMON   BANK0   BANK1
      Params:         1       0       0
      Locals:         0       2       0
      Temps:          0       1       0
      Totals:         1       3       0
Total ram usage:        4 bytes
 Hardware stack levels used:    1
 Hardware stack levels required when called:    1
 This function calls:
		Nothing
 This function is called by:
		_main
 This function uses a non-reentrant model


 *************** function _InitADC *****************
 Defined at:
		line 38 in file "main.c"
 Parameters:    Size  Location     Type
  Channel         1    wreg     unsigned char 
 Auto vars:     Size  Location     Type
  Channel         1    0[COMMON] unsigned char 
 Return value:  Size  Location     Type
                  1    wreg      void 
 Registers used:
		wreg, status,2
 Tracked objects:
		On entry : 
		On exit  : 
		Unchanged: 
 Data sizes:     COMMON   BANK0   BANK1
      Params:         0       0       0
      Locals:         0       0       0
      Temps:          0       0       0
      Totals:         0       0       0
Total ram usage:        0 bytes
 Hardware stack levels used:    1
 Hardware stack levels required when called:    1
 This function calls:
		Nothing
 This function is called by:
		_main
 This function uses a non-reentrant model


 *************** function _GetADCValue *****************
 Defined at:
		line 56 in file "main.c"
 Parameters:    Size  Location     Type
  Channel         1    wreg     unsigned char 
 Auto vars:     Size  Location     Type
  Channel         1    4[BANK0 ] unsigned char 
 Return value:  Size  Location     Type
                  2    2[BANK0 ] unsigned int 
 Registers used:
		wreg, fsr0l, fsr0h, status,2, status,0, pclath, cstack
 Tracked objects:
		On entry : 
		On exit  : 
		Unchanged: 
 Data sizes:     COMMON   BANK0   BANK1
      Params:         0       2       0
      Locals:         0       1       0
      Temps:          1       0       0
      Totals:         1       3       0
Total ram usage:        4 bytes
 Hardware stack levels used:    1
 Hardware stack levels required when called:    2
 This function calls:
		_DELAY_us
 This function is called by:
		_main
 This function uses a non-reentrant model


 *************** function _DELAY_ms *****************
 Defined at:
		line 75 in file "delay.c"
 Parameters:    Size  Location     Type
  ms_count        2    6[BANK0 ] unsigned int 
 Auto vars:     Size  Location     Type
		None
 Return value:  Size  Location     Type
                  1    wreg      void 
 Registers used:
		wreg, status,2, status,0, pclath, cstack
 Tracked objects:
		On entry : 
		On exit  : 
		Unchanged: 
 Data sizes:     COMMON   BANK0   BANK1
      Params:         0       2       0
      Locals:         0       0       0
      Temps:          0       0       0
      Totals:         0       2       0
Total ram usage:        2 bytes
 Hardware stack levels used:    1
 Hardware stack levels required when called:    2
 This function calls:
		_DELAY_us
 This function is called by:
		_main
		_DELAY_sec
 This function uses a non-reentrant model


 *************** function _DELAY_us *****************
 Defined at:
		line 56 in file "delay.c"
 Parameters:    Size  Location     Type
  us_count        2    0[BANK0 ] unsigned int 
 Auto vars:     Size  Location     Type
		None
 Return value:  Size  Location     Type
                  1    wreg      void 
 Registers used:
		wreg, status,2, status,0
 Tracked objects:
		On entry : 
		On exit  : 
		Unchanged: 
 Data sizes:     COMMON   BANK0   BANK1
      Params:         0       2       0
      Locals:         0       0       0
      Temps:          0       0       0
      Totals:         0       2       0
Total ram usage:        2 bytes
 Hardware stack levels used:    1
 Hardware stack levels required when called:    1
 This function calls:
		Nothing
 This function is called by:
		_GetADCValue
		_DELAY_ms
 This function uses a non-reentrant model


 *************** function _ISR *****************
 Defined at:
		line 79 in file "main.c"
 Parameters:    Size  Location     Type
		None
 Auto vars:     Size  Location     Type
		None
 Return value:  Size  Location     Type
                  1    wreg      void 
 Registers used:
		wreg, status,2, status,0
 Tracked objects:
		On entry : 
		On exit  : 
		Unchanged: 
 Data sizes:     COMMON   BANK0   BANK1
      Params:         0       0       0
      Locals:         0       0       0
      Temps:          5       0       0
      Totals:         5       0       0
Total ram usage:        5 bytes
 Hardware stack levels used:    1
 This function calls:
		Nothing
 This function is called by:
		Interrupt level 1
 This function uses a non-reentrant model



MODULE INFORMATION

Module		Function		Class		Link	Load	Size
delay.c
		_DELAY_ms      		CODE           	00D5	0000	20
		_DELAY_us      		CODE           	00FA	0000	14

delay.c estimated size: 34

/usr/microchip/xc8/v1.43/sources/common/Umul16.c
		___wmul        		CODE           	00B3	0000	35

/usr/microchip/xc8/v1.43/sources/common/Umul16.c estimated size: 35

/usr/microchip/xc8/v1.43/sources/common/Umul8.c
		___bmul        		CODE           	00E8	0000	19

/usr/microchip/xc8/v1.43/sources/common/Umul8.c estimated size: 19

shared
		__initialization		CODE           	0010	0000	4

shared estimated size: 4

main.c
		_ISR           		CODE           	008D	0000	39
		_main          		CODE           	0015	0000	73
		_InitADC       		CODE           	0107	0000	12
		_GetADCValue   		CODE           	005D	0000	49
		_initPWM       		CODE           	0112	0000	9

main.c estimated size: 182

